// Jest Snapshot v1, https://goo.gl/fbAQLP

exports[`default tests toMatchSnapshot 1`] = `5`;
